<html>
<body>
<pre>
<h1>µVision Build Log</h1>
<h2>Tool Versions:</h2>
IDE-Version: µVision V5.41.0.0
Copyright (C) 2024 ARM Ltd and ARM Germany GmbH. All rights reserved.
License Information: thuy thuy, none, LIC=----
 
Tool Versions:
Toolchain:       MDK-Lite  Version: 5.41.0.0
Toolchain Path:  C:\Users\Admin\AppData\Local\Keil_v5\ARM\ARMCLANG\Bin
C Compiler:      ArmClang.exe V6.22
Assembler:       Armasm.exe V6.22
Linker/Locator:  ArmLink.exe V6.22
Library Manager: ArmAr.exe V6.22
Hex Converter:   FromElf.exe V6.22
CPU DLL:         SARMCM3.DLL V5.41.0.0
Dialog DLL:      DCM.DLL V1.17.5.0
Target DLL:      STLink\ST-LINKIII-KEIL_SWO.dll V3.3.0.0
Dialog DLL:      TCM.DLL V1.56.4.0
 
<h2>Project:</h2>
D:\Microcontroller\STM32F40x\STM32F4_HALlib\STM32CubeIDE\ADC\003_ADC_DMA_Mode\MDK-ARM\003_ADC_DMA_Mode.uvprojx
Project File Date:  04/08/2025

<h2>Output:</h2>
*** Using Compiler 'V6.22', folder: 'C:\Users\Admin\AppData\Local\Keil_v5\ARM\ARMCLANG\Bin'
Rebuild target '003_ADC_DMA_Mode'
compiling stm32f4xx_ll_adc.c...
compiling stm32f4xx_it.c...
compiling main.c...
assembling startup_stm32f407xx.s...
compiling stm32f4xx_hal_msp.c...
compiling stm32f4xx_hal_rcc_ex.c...
compiling stm32f4xx_hal_adc_ex.c...
compiling stm32f4xx_hal_flash.c...
compiling stm32f4xx_hal_flash_ex.c...
compiling stm32f4xx_hal_rcc.c...
compiling stm32f4xx_hal_flash_ramfunc.c...
compiling stm32f4xx_hal_adc.c...
compiling stm32f4xx_hal_dma_ex.c...
compiling stm32f4xx_hal_gpio.c...
compiling stm32f4xx_hal_pwr.c...
compiling stm32f4xx_hal_pwr_ex.c...
compiling system_stm32f4xx.c...
compiling stm32f4xx_hal_exti.c...
compiling stm32f4xx_hal_dma.c...
compiling stm32f4xx_hal.c...
compiling stm32f4xx_hal_cortex.c...
linking...
Program Size: Code=5072 RO-data=448 RW-data=12 ZI-data=1812  
FromELF: creating hex file...
"003_ADC_DMA_Mode\003_ADC_DMA_Mode.axf" - 0 Error(s), 0 Warning(s).

<h2>Software Packages used:</h2>

Package Vendor: ARM
                https://www.keil.com/pack/ARM.CMSIS.6.1.0.pack
                ARM::CMSIS@6.1.0
                CMSIS (Common Microcontroller Software Interface Standard)
   * Component: CORE Version: 6.1.0

Package Vendor: Keil
                https://www.keil.com/pack/Keil.STM32F4xx_DFP.3.0.0.pack
                Keil::STM32F4xx_DFP@3.0.0
                STMicroelectronics STM32F4 Series Device Support

<h2>Collection of Component include folders:</h2>
  ./RTE/_003_ADC_DMA_Mode
  C:/Users/Admin/AppData/Local/Arm/Packs/ARM/CMSIS/6.1.0/CMSIS/Core/Include

<h2>Collection of Component Files used:</h2>

   * Component: ARM::CMSIS:CORE@6.1.0
      Include file:  CMSIS/Core/Include/tz_context.h
Build Time Elapsed:  00:00:02
</pre>
</body>
</html>
