Archive member included to satisfy reference by file (symbol)

C:/ST/STM32CubeIDE_1.16.1/STM32CubeIDE/plugins/com.st.stm32cube.ide.mcu.externaltools.gnu-tools-for-stm32.12.3.rel1.win32_1.0.200.202406191623/tools/bin/../lib/gcc/arm-none-eabi/12.3.1/../../../../arm-none-eabi/lib/thumb/v7e-m+fp/hard\libc_nano.a(libc_a-exit.o)
                              C:/ST/STM32CubeIDE_1.16.1/STM32CubeIDE/plugins/com.st.stm32cube.ide.mcu.externaltools.gnu-tools-for-stm32.12.3.rel1.win32_1.0.200.202406191623/tools/bin/../lib/gcc/arm-none-eabi/12.3.1/../../../../arm-none-eabi/lib/thumb/v7e-m+fp/hard/crt0.o (exit)
C:/ST/STM32CubeIDE_1.16.1/STM32CubeIDE/plugins/com.st.stm32cube.ide.mcu.externaltools.gnu-tools-for-stm32.12.3.rel1.win32_1.0.200.202406191623/tools/bin/../lib/gcc/arm-none-eabi/12.3.1/../../../../arm-none-eabi/lib/thumb/v7e-m+fp/hard\libc_nano.a(libc_a-findfp.o)
                              C:/ST/STM32CubeIDE_1.16.1/STM32CubeIDE/plugins/com.st.stm32cube.ide.mcu.externaltools.gnu-tools-for-stm32.12.3.rel1.win32_1.0.200.202406191623/tools/bin/../lib/gcc/arm-none-eabi/12.3.1/../../../../arm-none-eabi/lib/thumb/v7e-m+fp/hard\libc_nano.a(libc_a-exit.o) (__stdio_exit_handler)
C:/ST/STM32CubeIDE_1.16.1/STM32CubeIDE/plugins/com.st.stm32cube.ide.mcu.externaltools.gnu-tools-for-stm32.12.3.rel1.win32_1.0.200.202406191623/tools/bin/../lib/gcc/arm-none-eabi/12.3.1/../../../../arm-none-eabi/lib/thumb/v7e-m+fp/hard\libc_nano.a(libc_a-fwalk.o)
                              C:/ST/STM32CubeIDE_1.16.1/STM32CubeIDE/plugins/com.st.stm32cube.ide.mcu.externaltools.gnu-tools-for-stm32.12.3.rel1.win32_1.0.200.202406191623/tools/bin/../lib/gcc/arm-none-eabi/12.3.1/../../../../arm-none-eabi/lib/thumb/v7e-m+fp/hard\libc_nano.a(libc_a-findfp.o) (_fwalk_sglue)
C:/ST/STM32CubeIDE_1.16.1/STM32CubeIDE/plugins/com.st.stm32cube.ide.mcu.externaltools.gnu-tools-for-stm32.12.3.rel1.win32_1.0.200.202406191623/tools/bin/../lib/gcc/arm-none-eabi/12.3.1/../../../../arm-none-eabi/lib/thumb/v7e-m+fp/hard\libc_nano.a(libc_a-stdio.o)
                              C:/ST/STM32CubeIDE_1.16.1/STM32CubeIDE/plugins/com.st.stm32cube.ide.mcu.externaltools.gnu-tools-for-stm32.12.3.rel1.win32_1.0.200.202406191623/tools/bin/../lib/gcc/arm-none-eabi/12.3.1/../../../../arm-none-eabi/lib/thumb/v7e-m+fp/hard\libc_nano.a(libc_a-findfp.o) (__sread)
C:/ST/STM32CubeIDE_1.16.1/STM32CubeIDE/plugins/com.st.stm32cube.ide.mcu.externaltools.gnu-tools-for-stm32.12.3.rel1.win32_1.0.200.202406191623/tools/bin/../lib/gcc/arm-none-eabi/12.3.1/../../../../arm-none-eabi/lib/thumb/v7e-m+fp/hard\libc_nano.a(libc_a-memset.o)
                              C:/ST/STM32CubeIDE_1.16.1/STM32CubeIDE/plugins/com.st.stm32cube.ide.mcu.externaltools.gnu-tools-for-stm32.12.3.rel1.win32_1.0.200.202406191623/tools/bin/../lib/gcc/arm-none-eabi/12.3.1/../../../../arm-none-eabi/lib/thumb/v7e-m+fp/hard/crt0.o (memset)
C:/ST/STM32CubeIDE_1.16.1/STM32CubeIDE/plugins/com.st.stm32cube.ide.mcu.externaltools.gnu-tools-for-stm32.12.3.rel1.win32_1.0.200.202406191623/tools/bin/../lib/gcc/arm-none-eabi/12.3.1/../../../../arm-none-eabi/lib/thumb/v7e-m+fp/hard\libc_nano.a(libc_a-closer.o)
                              C:/ST/STM32CubeIDE_1.16.1/STM32CubeIDE/plugins/com.st.stm32cube.ide.mcu.externaltools.gnu-tools-for-stm32.12.3.rel1.win32_1.0.200.202406191623/tools/bin/../lib/gcc/arm-none-eabi/12.3.1/../../../../arm-none-eabi/lib/thumb/v7e-m+fp/hard\libc_nano.a(libc_a-stdio.o) (_close_r)
C:/ST/STM32CubeIDE_1.16.1/STM32CubeIDE/plugins/com.st.stm32cube.ide.mcu.externaltools.gnu-tools-for-stm32.12.3.rel1.win32_1.0.200.202406191623/tools/bin/../lib/gcc/arm-none-eabi/12.3.1/../../../../arm-none-eabi/lib/thumb/v7e-m+fp/hard\libc_nano.a(libc_a-reent.o)
                              C:/ST/STM32CubeIDE_1.16.1/STM32CubeIDE/plugins/com.st.stm32cube.ide.mcu.externaltools.gnu-tools-for-stm32.12.3.rel1.win32_1.0.200.202406191623/tools/bin/../lib/gcc/arm-none-eabi/12.3.1/../../../../arm-none-eabi/lib/thumb/v7e-m+fp/hard\libc_nano.a(libc_a-closer.o) (errno)
C:/ST/STM32CubeIDE_1.16.1/STM32CubeIDE/plugins/com.st.stm32cube.ide.mcu.externaltools.gnu-tools-for-stm32.12.3.rel1.win32_1.0.200.202406191623/tools/bin/../lib/gcc/arm-none-eabi/12.3.1/../../../../arm-none-eabi/lib/thumb/v7e-m+fp/hard\libc_nano.a(libc_a-impure.o)
                              C:/ST/STM32CubeIDE_1.16.1/STM32CubeIDE/plugins/com.st.stm32cube.ide.mcu.externaltools.gnu-tools-for-stm32.12.3.rel1.win32_1.0.200.202406191623/tools/bin/../lib/gcc/arm-none-eabi/12.3.1/../../../../arm-none-eabi/lib/thumb/v7e-m+fp/hard\libc_nano.a(libc_a-reent.o) (_impure_ptr)
C:/ST/STM32CubeIDE_1.16.1/STM32CubeIDE/plugins/com.st.stm32cube.ide.mcu.externaltools.gnu-tools-for-stm32.12.3.rel1.win32_1.0.200.202406191623/tools/bin/../lib/gcc/arm-none-eabi/12.3.1/../../../../arm-none-eabi/lib/thumb/v7e-m+fp/hard\libc_nano.a(libc_a-lseekr.o)
[...]
Memory Configuration

Name             Origin             Length             Attributes
RAM              0x20000000         0x00020000         xrw
ROM              0x08000000         0x00080000         xr
*default*        0x00000000         0xffffffff

Linker script and memory map

LOAD C:/ST/STM32CubeIDE_1.16.1/STM32CubeIDE/plugins/com.st.stm32cube.ide.mcu.externaltools.gnu-tools-for-stm32.12.3.rel1.win32_1.0.200.202406191623/tools/bin/../lib/gcc/arm-none-eabi/12.3.1/thumb/v7e-m+fp/hard/crti.o
LOAD C:/ST/STM32CubeIDE_1.16.1/STM32CubeIDE/plugins/com.st.stm32cube.ide.mcu.externaltools.gnu-tools-for-stm32.12.3.rel1.win32_1.0.200.202406191623/tools/bin/../lib/gcc/arm-none-eabi/12.3.1/thumb/v7e-m+fp/hard/crtbegin.o
LOAD C:/ST/STM32CubeIDE_1.16.1/STM32CubeIDE/plugins/com.st.stm32cube.ide.mcu.externaltools.gnu-tools-for-stm32.12.3.rel1.win32_1.0.200.202406191623/tools/bin/../lib/gcc/arm-none-eabi/12.3.1/../../../../arm-none-eabi/lib/thumb/v7e-m+fp/hard/crt0.o
LOAD ./StdPeriph_Driver/src/misc.o
LOAD ./StdPeriph_Driver/src/stm32f4xx_adc.o
LOAD ./StdPeriph_Driver/src/stm32f4xx_can.o
LOAD ./StdPeriph_Driver/src/stm32f4xx_cec.o
LOAD ./StdPeriph_Driver/src/stm32f4xx_crc.o
LOAD ./StdPeriph_Driver/src/stm32f4xx_cryp.o
LOAD ./StdPeriph_Driver/src/stm32f4xx_cryp_aes.o
LOAD ./StdPeriph_Driver/src/stm32f4xx_cryp_des.o
LOAD ./StdPeriph_Driver/src/stm32f4xx_cryp_tdes.o
LOAD ./StdPeriph_Driver/src/stm32f4xx_dac.o
LOAD ./StdPeriph_Driver/src/stm32f4xx_dbgmcu.o
LOAD ./StdPeriph_Driver/src/stm32f4xx_dcmi.o
LOAD ./StdPeriph_Driver/src/stm32f4xx_dfsdm.o
LOAD ./StdPeriph_Driver/src/stm32f4xx_dma.o
LOAD ./StdPeriph_Driver/src/stm32f4xx_dma2d.o
LOAD ./StdPeriph_Driver/src/stm32f4xx_dsi.o
LOAD ./StdPeriph_Driver/src/stm32f4xx_exti.o
LOAD ./StdPeriph_Driver/src/stm32f4xx_flash.o
LOAD ./StdPeriph_Driver/src/stm32f4xx_flash_ramfunc.o
LOAD ./StdPeriph_Driver/src/stm32f4xx_fmc.o
LOAD ./StdPeriph_Driver/src/stm32f4xx_fmip2c.o
LOAD ./StdPeriph_Driver/src/stm32f4xx_fsmc.o
LOAD ./StdPeriph_Driver/src/stm32f4xx_gpio.o
LOAD ./StdPeriph_Driver/src/stm32f4xx_hash.o
LOAD ./StdPeriph_Driver/src/stm32f4xx_hash_md5.o
LOAD ./StdPeriph_Driver/src/stm32f4xx_hash_sha1.o
LOAD ./StdPeriph_Driver/src/stm32f4xx_i2c.o
LOAD ./StdPeriph_Driver/src/stm32f4xx_iwdg.o
LOAD ./StdPeriph_Driver/src/stm32f4xx_lptim.o
LOAD ./StdPeriph_Driver/src/stm32f4xx_ltdc.o
LOAD ./StdPeriph_Driver/src/stm32f4xx_pwr.o
LOAD ./StdPeriph_Driver/src/stm32f4xx_qspi.o
LOAD ./StdPeriph_Driver/src/stm32f4xx_rcc.o
LOAD ./StdPeriph_Driver/src/stm32f4xx_rng.o
LOAD ./StdPeriph_Driver/src/stm32f4xx_rtc.o
LOAD ./StdPeriph_Driver/src/stm32f4xx_sai.o
LOAD ./StdPeriph_Driver/src/stm32f4xx_sdio.o
LOAD ./StdPeriph_Driver/src/stm32f4xx_spdifrx.o
LOAD ./StdPeriph_Driver/src/stm32f4xx_spi.o
LOAD ./StdPeriph_Driver/src/stm32f4xx_syscfg.o
LOAD ./StdPeriph_Driver/src/stm32f4xx_tim.o
LOAD ./StdPeriph_Driver/src/stm32f4xx_usart.o
LOAD ./StdPeriph_Driver/src/stm32f4xx_wwdg.o
LOAD ./src/core_list_join.o
LOAD ./src/core_main.o
LOAD ./src/core_matrix.o
LOAD ./src/core_portme.o
LOAD ./src/core_state.o
LOAD ./src/core_util.o
LOAD ./src/main.o
LOAD ./src/pwr_modes.o
LOAD ./src/stm32f4xx_it.o
LOAD ./src/syscalls.o
LOAD ./src/system_stm32f4xx.o
LOAD ./startup/startup_stm32f446xx.o
START GROUP
LOAD C:/ST/STM32CubeIDE_1.16.1/STM32CubeIDE/plugins/com.st.stm32cube.ide.mcu.externaltools.gnu-tools-for-stm32.12.3.rel1.win32_1.0.200.202406191623/tools/bin/../lib/gcc/arm-none-eabi/12.3.1/../../../../arm-none-eabi/lib/thumb/v7e-m+fp/hard\libc_nano.a
LOAD C:/ST/STM32CubeIDE_1.16.1/STM32CubeIDE/plugins/com.st.stm32cube.ide.mcu.externaltools.gnu-tools-for-stm32.12.3.rel1.win32_1.0.200.202406191623/tools/bin/../lib/gcc/arm-none-eabi/12.3.1/../../../../arm-none-eabi/lib/thumb/v7e-m+fp/hard\libm.a
END GROUP
START GROUP
LOAD C:/ST/STM32CubeIDE_1.16.1/STM32CubeIDE/plugins/com.st.stm32cube.ide.mcu.externaltools.gnu-tools-for-stm32.12.3.rel1.win32_1.0.200.202406191623/tools/bin/../lib/gcc/arm-none-eabi/12.3.1/thumb/v7e-m+fp/hard\libgcc.a
LOAD C:/ST/STM32CubeIDE_1.16.1/STM32CubeIDE/plugins/com.st.stm32cube.ide.mcu.externaltools.gnu-tools-for-stm32.12.3.rel1.win32_1.0.200.202406191623/tools/bin/../lib/gcc/arm-none-eabi/12.3.1/../../../../arm-none-eabi/lib/thumb/v7e-m+fp/hard\libc_nano.a
END GROUP
START GROUP
LOAD C:/ST/STM32CubeIDE_1.16.1/STM32CubeIDE/plugins/com.st.stm32cube.ide.mcu.externaltools.gnu-tools-for-stm32.12.3.rel1.win32_1.0.200.202406191623/tools/bin/../lib/gcc/arm-none-eabi/12.3.1/thumb/v7e-m+fp/hard\libgcc.a
LOAD C:/ST/STM32CubeIDE_1.16.1/STM32CubeIDE/plugins/com.st.stm32cube.ide.mcu.externaltools.gnu-tools-for-stm32.12.3.rel1.win32_1.0.200.202406191623/tools/bin/../lib/gcc/arm-none-eabi/12.3.1/../../../../arm-none-eabi/lib/thumb/v7e-m+fp/hard\libc_nano.a
LOAD C:/ST/STM32CubeIDE_1.16.1/STM32CubeIDE/plugins/com.st.stm32cube.ide.mcu.externaltools.gnu-tools-for-stm32.12.3.rel1.win32_1.0.200.202406191623/tools/bin/../lib/gcc/arm-none-eabi/12.3.1/../../../../arm-none-eabi/lib/thumb/v7e-m+fp/hard\libnosys.a
END GROUP
START GROUP
LOAD C:/ST/STM32CubeIDE_1.16.1/STM32CubeIDE/plugins/com.st.stm32cube.ide.mcu.externaltools.gnu-tools-for-stm32.12.3.rel1.win32_1.0.200.202406191623/tools/bin/../lib/gcc/arm-none-eabi/12.3.1/thumb/v7e-m+fp/hard\libgcc.a
LOAD C:/ST/STM32CubeIDE_1.16.1/STM32CubeIDE/plugins/com.st.stm32cube.ide.mcu.externaltools.gnu-tools-for-stm32.12.3.rel1.win32_1.0.200.202406191623/tools/bin/../lib/gcc/arm-none-eabi/12.3.1/../../../../arm-none-eabi/lib/thumb/v7e-m+fp/hard\libc_nano.a
LOAD C:/ST/STM32CubeIDE_1.16.1/STM32CubeIDE/plugins/com.st.stm32cube.ide.mcu.externaltools.gnu-tools-for-stm32.12.3.rel1.win32_1.0.200.202406191623/tools/bin/../lib/gcc/arm-none-eabi/12.3.1/../../../../arm-none-eabi/lib/thumb/v7e-m+fp/hard\libnosys.a
END GROUP
LOAD C:/ST/STM32CubeIDE_1.16.1/STM32CubeIDE/plugins/com.st.stm32cube.ide.mcu.externaltools.gnu-tools-for-stm32.12.3.rel1.win32_1.0.200.202406191623/tools/bin/../lib/gcc/arm-none-eabi/12.3.1/thumb/v7e-m+fp/hard/crtend.o
LOAD C:/ST/STM32CubeIDE_1.16.1/STM32CubeIDE/plugins/com.st.stm32cube.ide.mcu.externaltools.gnu-tools-for-stm32.12.3.rel1.win32_1.0.200.202406191623/tools/bin/../lib/gcc/arm-none-eabi/12.3.1/thumb/v7e-m+fp/hard/crtn.o
                0x20020000                        _estack = 0x20020000
                0x00000000                        _Min_Heap_Size = 0x0
                0x00000400                        _Min_Stack_Size = 0x400

.isr_vector     0x08000000      0x1c4
                0x08000000                        . = ALIGN (0x4)
 *(.isr_vector)
 .isr_vector    0x08000000      0x1c4 ./startup/startup_stm32f446xx.o
                0x08000000                g_pfnVectors
                0x080001c4                        . = ALIGN (0x4)

.text           0x080001c4     0x3180
                0x080001c4                        . = ALIGN (0x4)
 *(.text)
 .text          0x080001c4       0x40 C:/ST/STM32CubeIDE_1.16.1/STM32CubeIDE/plugins/com.st.stm32cube.ide.mcu.externaltools.gnu-tools-for-stm32.12.3.rel1.win32_1.0.200.202406191623/tools/bin/../lib/gcc/arm-none-eabi/12.3.1/thumb/v7e-m+fp/hard/crtbegin.o
 *(.text*)
 .text.NVIC_Init
                0x08000204       0xc4 ./StdPeriph_Driver/src/misc.o
                0x08000204                NVIC_Init
 .text.EXTI_DeInit
                0x080002c8       0x34 ./StdPeriph_Driver/src/stm32f4xx_exti.o
                0x080002c8                EXTI_DeInit
 .text.EXTI_Init
                0x080002fc       0xe4 ./StdPeriph_Driver/src/stm32f4xx_exti.o
                0x080002fc                EXTI_Init
 .text.EXTI_GetITStatus
                0x080003e0       0x34 ./StdPeriph_Driver/src/stm32f4xx_exti.o
                0x080003e0                EXTI_GetITStatus
 .text.EXTI_ClearITPendingBit
                0x08000414       0x20 ./StdPeriph_Driver/src/stm32f4xx_exti.o
                0x08000414                EXTI_ClearITPendingBit
 .text.FLASH_SetLatency
                0x08000434       0x20 ./StdPeriph_Driver/src/stm32f4xx_flash.o
                0x08000434                FLASH_SetLatency
 .text.FLASH_PrefetchBufferCmd
                0x08000454       0x3c ./StdPeriph_Driver/src/stm32f4xx_flash.o
                0x08000454                FLASH_PrefetchBufferCmd
 .text.FLASH_InstructionCacheCmd
                0x08000490       0x3c ./StdPeriph_Driver/src/stm32f4xx_flash.o
                0x08000490                FLASH_InstructionCacheCmd
 .text.FLASH_DataCacheCmd
                0x080004cc       0x3c ./StdPeriph_Driver/src/stm32f4xx_flash.o
                0x080004cc                FLASH_DataCacheCmd
 .text.GPIO_Init
                0x08000508      0x11e ./StdPeriph_Driver/src/stm32f4xx_gpio.o
                0x08000508                GPIO_Init
 .text.GPIO_SetBits
                0x08000626       0x1e ./StdPeriph_Driver/src/stm32f4xx_gpio.o
                0x08000626                GPIO_SetBits
 .text.GPIO_ResetBits
                0x08000644       0x1e ./StdPeriph_Driver/src/stm32f4xx_gpio.o
                0x08000644                GPIO_ResetBits
 *fill*         0x08000662        0x2 
 .text.PWR_MainRegulatorModeConfig
                0x08000664       0x38 ./StdPeriph_Driver/src/stm32f4xx_pwr.o
                0x08000664                PWR_MainRegulatorModeConfig
 .text.PWR_OverDriveCmd
                0x0800069c       0x20 ./StdPeriph_Driver/src/stm32f4xx_pwr.o
                0x0800069c                PWR_OverDriveCmd
 .text.PWR_OverDriveSWCmd
                0x080006bc       0x20 ./StdPeriph_Driver/src/stm32f4xx_pwr.o
                0x080006bc                PWR_OverDriveSWCmd
 .text.PWR_GetFlagStatus
                0x080006dc       0x34 ./StdPeriph_Driver/src/stm32f4xx_pwr.o
                0x080006dc                PWR_GetFlagStatus
 .text.RCC_DeInit
                0x08000710       0x70 ./StdPeriph_Driver/src/stm32f4xx_rcc.o
                0x08000710                RCC_DeInit
 .text.RCC_HSEConfig
                0x08000780       0x28 ./StdPeriph_Driver/src/stm32f4xx_rcc.o
                0x08000780                RCC_HSEConfig
 .text.RCC_WaitForHSEStartUp
                0x080007a8       0x50 ./StdPeriph_Driver/src/stm32f4xx_rcc.o
                0x080007a8                RCC_WaitForHSEStartUp
 .text.RCC_HSICmd
                0x080007f8       0x20 ./StdPeriph_Driver/src/stm32f4xx_rcc.o
                0x080007f8                RCC_HSICmd
 .text.RCC_PLLCmd
                0x08000818       0x20 ./StdPeriph_Driver/src/stm32f4xx_rcc.o
                0x08000818                RCC_PLLCmd
 .text.RCC_SYSCLKConfig
                0x08000838       0x38 ./StdPeriph_Driver/src/stm32f4xx_rcc.o
                0x08000838                RCC_SYSCLKConfig
 .text.RCC_GetSYSCLKSource
                0x08000870       0x20 ./StdPeriph_Driver/src/stm32f4xx_rcc.o
                0x08000870                RCC_GetSYSCLKSource
 .text.RCC_HCLKConfig
                0x08000890       0x38 ./StdPeriph_Driver/src/stm32f4xx_rcc.o
                0x08000890                RCC_HCLKConfig
 .text.RCC_PCLK1Config
                0x080008c8       0x38 ./StdPeriph_Driver/src/stm32f4xx_rcc.o
                0x080008c8                RCC_PCLK1Config
 .text.RCC_PCLK2Config
                0x08000900       0x3c ./StdPeriph_Driver/src/stm32f4xx_rcc.o
                0x08000900                RCC_PCLK2Config
 .text.RCC_AHB1PeriphClockCmd
                0x0800093c       0x40 ./StdPeriph_Driver/src/stm32f4xx_rcc.o
                0x0800093c                RCC_AHB1PeriphClockCmd
 .text.RCC_APB1PeriphClockCmd
                0x0800097c       0x40 ./StdPeriph_Driver/src/stm32f4xx_rcc.o
                0x0800097c                RCC_APB1PeriphClockCmd
 .text.RCC_APB2PeriphClockCmd
                0x080009bc       0x40 ./StdPeriph_Driver/src/stm32f4xx_rcc.o
                0x080009bc                RCC_APB2PeriphClockCmd
 .text.RCC_GetFlagStatus
                0x080009fc       0x74 ./StdPeriph_Driver/src/stm32f4xx_rcc.o
                0x080009fc                RCC_GetFlagStatus
 .text.RTC_GetITStatus
                0x08000a70       0x74 ./StdPeriph_Driver/src/stm32f4xx_rtc.o
                0x08000a70                RTC_GetITStatus
 .text.RTC_ClearITPendingBit
                0x08000ae4       0x3c ./StdPeriph_Driver/src/stm32f4xx_rtc.o
                0x08000ae4                RTC_ClearITPendingBit
 .text.SYSCFG_EXTILineConfig
                0x08000b20       0x84 ./StdPeriph_Driver/src/stm32f4xx_syscfg.o
                0x08000b20                SYSCFG_EXTILineConfig
 .text.calc_func
                0x08000ba4      0x11e ./src/core_list_join.o
                0x08000ba4                calc_func
 .text.cmp_complex
                0x08000cc2       0x3a ./src/core_list_join.o
                0x08000cc2                cmp_complex
 .text.cmp_idx  0x08000cfc       0x72 ./src/core_list_join.o
                0x08000cfc                cmp_idx
 .text.copy_info
                0x08000d6e       0x2a ./src/core_list_join.o
                0x08000d6e                copy_info
 .text.core_bench_list
                0x08000d98      0x1c0 ./src/core_list_join.o
                0x08000d98                core_bench_list
 .text.core_list_init
                0x08000f58      0x178 ./src/core_list_join.o
                0x08000f58                core_list_init
 .text.core_list_insert_new
                0x080010d0       0x76 ./src/core_list_join.o
                0x080010d0                core_list_insert_new
 .text.core_list_remove
                0x08001146       0x40 ./src/core_list_join.o
                0x08001146                core_list_remove
 .text.core_list_undo_remove
                0x08001186       0x3a ./src/core_list_join.o
                0x08001186                core_list_undo_remove
 .text.core_list_find
                0x080011c0       0x68 ./src/core_list_join.o
                0x080011c0                core_list_find
 .text.core_list_reverse
                0x08001228       0x36 ./src/core_list_join.o
                0x08001228                core_list_reverse
 .text.core_list_mergesort
                0x0800125e      0x11e ./src/core_list_join.o
                0x0800125e                core_list_mergesort
 .text.iterate  0x0800137c       0x9c ./src/core_main.o
                0x0800137c                iterate
 .text.main_core
                0x08001418      0x704 ./src/core_main.o
                0x08001418                main_core
 .text.core_bench_matrix
                0x08001b1c       0x5a ./src/core_matrix.o
                0x08001b1c                core_bench_matrix
 .text.matrix_test
                0x08001b76       0xfc ./src/core_matrix.o
                0x08001b76                matrix_test
 .text.core_init_matrix
                0x08001c72      0x12a ./src/core_matrix.o
                0x08001c72                core_init_matrix
 .text.matrix_sum
                0x08001d9c       0xa8 ./src/core_matrix.o
                0x08001d9c                matrix_sum
 .text.matrix_mul_const
                0x08001e44       0x78 ./src/core_matrix.o
                0x08001e44                matrix_mul_const
 .text.matrix_add_const
                0x08001ebc       0x78 ./src/core_matrix.o
                0x08001ebc                matrix_add_const
 .text.matrix_mul_vect
                0x08001f34       0x8e ./src/core_matrix.o
                0x08001f34                matrix_mul_vect
 .text.matrix_mul_matrix
                0x08001fc2       0xca ./src/core_matrix.o
                0x08001fc2                matrix_mul_matrix
 .text.matrix_mul_matrix_bitextract
                0x0800208c       0xe4 ./src/core_matrix.o
                0x0800208c                matrix_mul_matrix_bitextract
 .text.start_time
                0x08002170       0x38 ./src/core_portme.o
                0x08002170                start_time
 .text.stop_time
                0x080021a8       0x3c ./src/core_portme.o
                0x080021a8                stop_time
 .text.get_time
                0x080021e4       0x28 ./src/core_portme.o
                0x080021e4                get_time
 .text.time_in_secs
                0x0800220c       0x28 ./src/core_portme.o
                0x0800220c                time_in_secs
 .text.portable_init
                0x08002234       0x1e ./src/core_portme.o
                0x08002234                portable_init
 .text.portable_fini
                0x08002252       0x1a ./src/core_portme.o
                0x08002252                portable_fini
 .text.SystemInit
                0x0800226c       0x64 ./src/core_portme.o
                0x0800226c                SystemInit
 .text.core_bench_state
                0x080022d0      0x18c ./src/core_state.o
                0x080022d0                core_bench_state
 .text.core_init_state
                0x0800245c      0x168 ./src/core_state.o
                0x0800245c                core_init_state
 .text.ee_isdigit
                0x080025c4       0x36 ./src/core_state.o
 *fill*         0x080025fa        0x2 
 .text.core_state_transition
                0x080025fc      0x204 ./src/core_state.o
                0x080025fc                core_state_transition
 .text.get_seed_32
                0x08002800       0x7c ./src/core_util.o
                0x08002800                get_seed_32
 .text.crcu8    0x0800287c       0x94 ./src/core_util.o
                0x0800287c                crcu8
 .text.crcu16   0x08002910       0x42 ./src/core_util.o
                0x08002910                crcu16
 .text.crcu32   0x08002952       0x3c ./src/core_util.o
                0x08002952                crcu32
 .text.crc16    0x0800298e       0x26 ./src/core_util.o
                0x0800298e                crc16
 .text.main     0x080029b4       0x22 ./src/main.o
                0x080029b4                main
 .text.Measure_Run
                0x080029d6       0x48 ./src/main.o
                0x080029d6                Measure_Run
 *fill*         0x08002a1e        0x2 
 .text.GPIO_AnalogConfig
                0x08002a20       0xb0 ./src/main.o
                0x08002a20                GPIO_AnalogConfig
 .text.LedsConfig
                0x08002ad0       0x38 ./src/main.o
 .text.ButtonPinInt_configuration
                0x08002b08       0x88 ./src/main.o
                0x08002b08                ButtonPinInt_configuration
 .text.WaitUser_PushBotton
                0x08002b90       0x34 ./src/main.o
                0x08002b90                WaitUser_PushBotton
 .text.Mode_Exit
                0x08002bc4       0x4a ./src/main.o
 *fill*         0x08002c0e        0x2 
 .text.DisableAllAHBxAPBxPeriClocks
                0x08002c10       0x44 ./src/pwr_modes.o
                0x08002c10                DisableAllAHBxAPBxPeriClocks
 .text.EnableAllAHBxAPBxPeriClocks
                0x08002c54       0x5c ./src/pwr_modes.o
                0x08002c54                EnableAllAHBxAPBxPeriClocks
 .text.PWR_RunPeriphDisabled180Mhz
                0x08002cb0      0x164 ./src/pwr_modes.o
                0x08002cb0                PWR_RunPeriphDisabled180Mhz
 .text.PWR_RunPeriphEnabled180Mhz
                0x08002e14      0x15c ./src/pwr_modes.o
                0x08002e14                PWR_RunPeriphEnabled180Mhz
 .text.PWR_RunPeriphDisabled60Mhz
                0x08002f70      0x138 ./src/pwr_modes.o
                0x08002f70                PWR_RunPeriphDisabled60Mhz
 .text.PWR_RunPeriphEnabled60Mhz
                0x080030a8      0x130 ./src/pwr_modes.o
                0x080030a8                PWR_RunPeriphEnabled60Mhz
 .text.NMI_Handler
                0x080031d8        0xe ./src/stm32f4xx_it.o
                0x080031d8                NMI_Handler
 .text.HardFault_Handler
                0x080031e6        0x8 ./src/stm32f4xx_it.o
                0x080031e6                HardFault_Handler
 .text.MemManage_Handler
                0x080031ee        0x8 ./src/stm32f4xx_it.o
                0x080031ee                MemManage_Handler
 .text.BusFault_Handler
                0x080031f6        0x8 ./src/stm32f4xx_it.o
                0x080031f6                BusFault_Handler
 .text.UsageFault_Handler
                0x080031fe        0x8 ./src/stm32f4xx_it.o
                0x080031fe                UsageFault_Handler
 .text.SVC_Handler
                0x08003206        0xe ./src/stm32f4xx_it.o
                0x08003206                SVC_Handler
 .text.DebugMon_Handler
                0x08003214        0xe ./src/stm32f4xx_it.o
                0x08003214                DebugMon_Handler
 .text.PendSV_Handler
                0x08003222        0xe ./src/stm32f4xx_it.o
                0x08003222                PendSV_Handler
 .text.SysTick_Handler
                0x08003230        0xe ./src/stm32f4xx_it.o
                0x08003230                SysTick_Handler
 *fill*         0x0800323e        0x2 
 .text.EXTI15_10_IRQHandler
                0x08003240       0x28 ./src/stm32f4xx_it.o
                0x08003240                EXTI15_10_IRQHandler
 .text.RTC_WKUP_IRQHandler
                0x08003268       0x26 ./src/stm32f4xx_it.o
                0x08003268                RTC_WKUP_IRQHandler
 *fill*         0x0800328e        0x2 
 .text.Reset_Handler
                0x08003290       0x50 ./startup/startup_stm32f446xx.o
                0x08003290                Reset_Handler
 .text.Default_Handler
                0x080032e0        0x2 ./startup/startup_stm32f446xx.o
                0x080032e0                RTC_Alarm_IRQHandler
                0x080032e0                EXTI2_IRQHandler
                0x080032e0                TIM8_CC_IRQHandler
                0x080032e0                SPI4_IRQHandler
                0x080032e0                TIM1_CC_IRQHandler
                0x080032e0                DMA2_Stream5_IRQHandler
                0x080032e0                DMA1_Stream5_IRQHandler
                0x080032e0                PVD_IRQHandler
                0x080032e0                SDIO_IRQHandler
                0x080032e0                TAMP_STAMP_IRQHandler
                0x080032e0                CAN2_RX1_IRQHandler
                0x080032e0                EXTI3_IRQHandler
                0x080032e0                TIM8_TRG_COM_TIM14_IRQHandler
                0x080032e0                TIM1_UP_TIM10_IRQHandler
                0x080032e0                TIM8_UP_TIM13_IRQHandler
                0x080032e0                I2C3_ER_IRQHandler
                0x080032e0                FMPI2C1_Event_IRQHandler
                0x080032e0                EXTI0_IRQHandler
                0x080032e0                I2C2_EV_IRQHandler
                0x080032e0                DMA1_Stream2_IRQHandler
                0x080032e0                CAN1_RX0_IRQHandler
                0x080032e0                FPU_IRQHandler
                0x080032e0                OTG_HS_WKUP_IRQHandler
                0x080032e0                CAN2_SCE_IRQHandler
                0x080032e0                DMA2_Stream2_IRQHandler
                0x080032e0                SPI1_IRQHandler
                0x080032e0                TIM6_DAC_IRQHandler
                0x080032e0                TIM1_BRK_TIM9_IRQHandler
                0x080032e0                DCMI_IRQHandler
                0x080032e0                CAN2_RX0_IRQHandler
                0x080032e0                DMA2_Stream3_IRQHandler
                0x080032e0                SAI2_IRQHandler
                0x080032e0                USART6_IRQHandler
                0x080032e0                USART3_IRQHandler
                0x080032e0                CAN1_RX1_IRQHandler
                0x080032e0                UART5_IRQHandler
                0x080032e0                DMA2_Stream0_IRQHandler
                0x080032e0                TIM4_IRQHandler
                0x080032e0                QUADSPI_IRQHandler
                0x080032e0                I2C1_EV_IRQHandler
                0x080032e0                DMA1_Stream6_IRQHandler
                0x080032e0                DMA1_Stream1_IRQHandler
                0x080032e0                UART4_IRQHandler
                0x080032e0                TIM3_IRQHandler
                0x080032e0                RCC_IRQHandler
                0x080032e0                TIM8_BRK_TIM12_IRQHandler
                0x080032e0                Default_Handler
                0x080032e0                CEC_IRQHandler
                0x080032e0                ADC_IRQHandler
                0x080032e0                DMA1_Stream7_IRQHandler
                0x080032e0                TIM7_IRQHandler
                0x080032e0                CAN2_TX_IRQHandler
                0x080032e0                TIM5_IRQHandler
                0x080032e0                DMA2_Stream7_IRQHandler
                0x080032e0                I2C3_EV_IRQHandler
                0x080032e0                EXTI9_5_IRQHandler
                0x080032e0                SPDIF_RX_IRQHandler
                0x080032e0                SPI2_IRQHandler
                0x080032e0                OTG_HS_EP1_IN_IRQHandler
                0x080032e0                DMA1_Stream0_IRQHandler
                0x080032e0                CAN1_TX_IRQHandler
                0x080032e0                EXTI4_IRQHandler
                0x080032e0                OTG_HS_EP1_OUT_IRQHandler
                0x080032e0                WWDG_IRQHandler
                0x080032e0                TIM2_IRQHandler
                0x080032e0                OTG_FS_WKUP_IRQHandler
                0x080032e0                TIM1_TRG_COM_TIM11_IRQHandler
                0x080032e0                OTG_HS_IRQHandler
                0x080032e0                EXTI1_IRQHandler
                0x080032e0                USART2_IRQHandler
                0x080032e0                I2C2_ER_IRQHandler
                0x080032e0                DMA2_Stream1_IRQHandler
                0x080032e0                CAN1_SCE_IRQHandler
                0x080032e0                FLASH_IRQHandler
                0x080032e0                DMA2_Stream4_IRQHandler
                0x080032e0                USART1_IRQHandler
                0x080032e0                OTG_FS_IRQHandler
                0x080032e0                SPI3_IRQHandler
                0x080032e0                DMA1_Stream4_IRQHandler
                0x080032e0                I2C1_ER_IRQHandler
                0x080032e0                FMC_IRQHandler
                0x080032e0                DMA2_Stream6_IRQHandler
                0x080032e0                SAI1_IRQHandler
                0x080032e0                DMA1_Stream3_IRQHandler
                0x080032e0                FMPI2C1_Error_IRQHandler
 *fill*         0x080032e2        0x2 
 .text.__libc_init_array
                0x080032e4       0x48 C:/ST/STM32CubeIDE_1.16.1/STM32CubeIDE/plugins/com.st.stm32cube.ide.mcu.externaltools.gnu-tools-for-stm32.12.3.rel1.win32_1.0.200.202406191623/tools/bin/../lib/gcc/arm-none-eabi/12.3.1/../../../../arm-none-eabi/lib/thumb/v7e-m+fp/hard\libc_nano.a(libc_a-init.o)
                0x080032e4                __libc_init_array
 *(.glue_7)
 .glue_7        0x0800332c        0x0 linker stubs
 *(.glue_7t)
 .glue_7t       0x0800332c        0x0 linker stubs
 *(.eh_frame)
 .eh_frame      0x0800332c        0x0 C:/ST/STM32CubeIDE_1.16.1/STM32CubeIDE/plugins/com.st.stm32cube.ide.mcu.externaltools.gnu-tools-for-stm32.12.3.rel1.win32_1.0.200.202406191623/tools/bin/../lib/gcc/arm-none-eabi/12.3.1/thumb/v7e-m+fp/hard/crtbegin.o
 *(.init)
 .init          0x0800332c        0x4 C:/ST/STM32CubeIDE_1.16.1/STM32CubeIDE/plugins/com.st.stm32cube.ide.mcu.externaltools.gnu-tools-for-stm32.12.3.rel1.win32_1.0.200.202406191623/tools/bin/../lib/gcc/arm-none-eabi/12.3.1/thumb/v7e-m+fp/hard/crti.o
                0x0800332c                _init
 .init          0x08003330        0x8 C:/ST/STM32CubeIDE_1.16.1/STM32CubeIDE/plugins/com.st.stm32cube.ide.mcu.externaltools.gnu-tools-for-stm32.12.3.rel1.win32_1.0.200.202406191623/tools/bin/../lib/gcc/arm-none-eabi/12.3.1/thumb/v7e-m+fp/hard/crtn.o
 *(.fini)
 .fini          0x08003338        0x4 C:/ST/STM32CubeIDE_1.16.1/STM32CubeIDE/plugins/com.st.stm32cube.ide.mcu.externaltools.gnu-tools-for-stm32.12.3.rel1.win32_1.0.200.202406191623/tools/bin/../lib/gcc/arm-none-eabi/12.3.1/thumb/v7e-m+fp/hard/crti.o
                0x08003338                _fini
 .fini          0x0800333c        0x8 C:/ST/STM32CubeIDE_1.16.1/STM32CubeIDE/plugins/com.st.stm32cube.ide.mcu.externaltools.gnu-tools-for-stm32.12.3.rel1.win32_1.0.200.202406191623/tools/bin/../lib/gcc/arm-none-eabi/12.3.1/thumb/v7e-m+fp/hard/crtn.o
                0x08003344                        . = ALIGN (0x4)
                0x08003344                        _etext = .

.vfp11_veneer   0x08003344        0x0
 .vfp11_veneer  0x08003344        0x0 linker stubs

.v4_bx          0x08003344        0x0
 .v4_bx         0x08003344        0x0 linker stubs

.iplt           0x08003344        0x0
 .iplt          0x08003344        0x0 C:/ST/STM32CubeIDE_1.16.1/STM32CubeIDE/plugins/com.st.stm32cube.ide.mcu.externaltools.gnu-tools-for-stm32.12.3.rel1.win32_1.0.200.202406191623/tools/bin/../lib/gcc/arm-none-eabi/12.3.1/thumb/v7e-m+fp/hard/crtbegin.o

.rodata         0x08003344       0xc8
                0x08003344                        . = ALIGN (0x4)
 *(.rodata)
 .rodata        0x08003344       0x16 ./src/core_main.o
 *fill*         0x0800335a        0x2 
 .rodata        0x0800335c       0xad ./src/core_state.o
 *(.rodata*)
                0x0800340c                        . = ALIGN (0x4)
 *fill*         0x08003409        0x3 

.rel.dyn        0x0800340c        0x0
 .rel.iplt      0x0800340c        0x0 C:/ST/STM32CubeIDE_1.16.1/STM32CubeIDE/plugins/com.st.stm32cube.ide.mcu.externaltools.gnu-tools-for-stm32.12.3.rel1.win32_1.0.200.202406191623/tools/bin/../lib/gcc/arm-none-eabi/12.3.1/thumb/v7e-m+fp/hard/crtbegin.o

.ARM.extab      0x0800340c        0x0
                0x0800340c                        . = ALIGN (0x4)
 *(.ARM.extab* .gnu.linkonce.armextab.*)
                0x0800340c                        . = ALIGN (0x4)

.ARM            0x0800340c        0x0
                0x0800340c                        . = ALIGN (0x4)
                0x0800340c                        __exidx_start = .
 *(.ARM.exidx*)
                0x0800340c                        __exidx_end = .
                0x0800340c                        . = ALIGN (0x4)

.preinit_array  0x0800340c        0x0
                0x0800340c                        . = ALIGN (0x4)
                0x0800340c                        PROVIDE (__preinit_array_start = .)
 *(.preinit_array*)
                0x0800340c                        PROVIDE (__preinit_array_end = .)
                0x0800340c                        . = ALIGN (0x4)

.init_array     0x0800340c        0x4
                0x0800340c                        . = ALIGN (0x4)
                0x0800340c                        PROVIDE (__init_array_start = .)
 *(SORT_BY_NAME(.init_array.*))
 *(.init_array*)
 .init_array    0x0800340c        0x4 C:/ST/STM32CubeIDE_1.16.1/STM32CubeIDE/plugins/com.st.stm32cube.ide.mcu.externaltools.gnu-tools-for-stm32.12.3.rel1.win32_1.0.200.202406191623/tools/bin/../lib/gcc/arm-none-eabi/12.3.1/thumb/v7e-m+fp/hard/crtbegin.o
                0x08003410                        PROVIDE (__init_array_end = .)
                0x08003410                        . = ALIGN (0x4)

.fini_array     0x08003410        0x4
                0x08003410                        . = ALIGN (0x4)
                [!provide]                        PROVIDE (__fini_array_start = .)
 *(SORT_BY_NAME(.fini_array.*))
 *(.fini_array*)
 .fini_array    0x08003410        0x4 C:/ST/STM32CubeIDE_1.16.1/STM32CubeIDE/plugins/com.st.stm32cube.ide.mcu.externaltools.gnu-tools-for-stm32.12.3.rel1.win32_1.0.200.202406191623/tools/bin/../lib/gcc/arm-none-eabi/12.3.1/thumb/v7e-m+fp/hard/crtbegin.o
                [!provide]                        PROVIDE (__fini_array_end = .)
                0x08003414                        . = ALIGN (0x4)
                0x08003414                        _sidata = LOADADDR (.data)

.data           0x20000000       0x7c load address 0x08003414
                0x20000000                        . = ALIGN (0x4)
                0x20000000                        _sdata = .
 *(.data)
 .data          0x20000000       0x30 ./src/core_main.o
                0x20000024                mem_name
 .data          0x20000030        0xc ./src/core_portme.o
                0x20000030                seed3_volatile
                0x20000034                seed4_volatile
                0x20000038                default_num_contexts
 .data          0x2000003c       0x40 ./src/core_state.o
 *(.data*)
                0x2000007c                        . = ALIGN (0x4)
                0x2000007c                        _edata = .

.igot.plt       0x2000007c        0x0 load address 0x08003490
 .igot.plt      0x2000007c        0x0 C:/ST/STM32CubeIDE_1.16.1/STM32CubeIDE/plugins/com.st.stm32cube.ide.mcu.externaltools.gnu-tools-for-stm32.12.3.rel1.win32_1.0.200.202406191623/tools/bin/../lib/gcc/arm-none-eabi/12.3.1/thumb/v7e-m+fp/hard/crtbegin.o
                0x2000007c                        . = ALIGN (0x4)

.bss            0x2000007c      0x81c load address 0x08003490
                0x2000007c                        _sbss = .
                0x2000007c                        __bss_start__ = _sbss
 *(.bss)
 .bss           0x2000007c       0x1c C:/ST/STM32CubeIDE_1.16.1/STM32CubeIDE/plugins/com.st.stm32cube.ide.mcu.externaltools.gnu-tools-for-stm32.12.3.rel1.win32_1.0.200.202406191623/tools/bin/../lib/gcc/arm-none-eabi/12.3.1/thumb/v7e-m+fp/hard/crtbegin.o
 .bss           0x20000098      0x7d0 ./src/core_main.o
                0x20000098                static_memblk
 .bss           0x20000868       0x1c ./src/core_portme.o
                0x20000868                Begin_Time
                0x2000086c                End_Time
                0x20000870                seed1_volatile
                0x20000874                seed2_volatile
                0x20000878                seed5_volatile
 .bss           0x20000884        0x5 ./src/main.o
                0x20000884                uwCounter
                0x20000888                UserButtonStatus
 *fill*         0x20000889        0x3 
 .bss           0x2000088c        0xc ./src/pwr_modes.o
                0x2000088c                HSEStartUpStatus
                0x20000890                GPIO_InitStructure
 *(.bss*)
 *(COMMON)
                0x20000898                        . = ALIGN (0x4)
                0x20000898                        _ebss = .
                0x20000898                        __bss_end__ = _ebss

._user_heap_stack
                0x20000898      0x400 load address 0x08003490
                0x20000898                        . = ALIGN (0x8)
                0x20000898                        PROVIDE (end = .)
                [!provide]                        PROVIDE (_end = .)
                0x20000898                        . = (. + _Min_Heap_Size)
                0x20000c98                        . = (. + _Min_Stack_Size)
 *fill*         0x20000898      0x400 
                0x20000c98                        . = ALIGN (0x8)

/DISCARD/
 libc.a(*)
 libm.a(*)
 libgcc.a(*)

.ARM.attributes
                0x00000000       0x30
 *(.ARM.attributes)
 .ARM.attributes
                0x00000000       0x22 C:/ST/STM32CubeIDE_1.16.1/STM32CubeIDE/plugins/com.st.stm32cube.ide.mcu.externaltools.gnu-tools-for-stm32.12.3.rel1.win32_1.0.200.202406191623/tools/bin/../lib/gcc/arm-none-eabi/12.3.1/thumb/v7e-m+fp/hard/crti.o
 .ARM.attributes
                0x00000022       0x34 C:/ST/STM32CubeIDE_1.16.1/STM32CubeIDE/plugins/com.st.stm32cube.ide.mcu.externaltools.gnu-tools-for-stm32.12.3.rel1.win32_1.0.200.202406191623/tools/bin/../lib/gcc/arm-none-eabi/12.3.1/thumb/v7e-m+fp/hard/crtbegin.o
 .ARM.attributes
                0x00000056       0x34 ./StdPeriph_Driver/src/misc.o
 .ARM.attributes
                0x0000008a       0x34 ./StdPeriph_Driver/src/stm32f4xx_exti.o
 .ARM.attributes
                0x000000be       0x34 ./StdPeriph_Driver/src/stm32f4xx_flash.o
 .ARM.attributes
                0x000000f2       0x34 ./StdPeriph_Driver/src/stm32f4xx_gpio.o
 .ARM.attributes
                0x00000126       0x34 ./StdPeriph_Driver/src/stm32f4xx_pwr.o
 .ARM.attributes
                0x0000015a       0x34 ./StdPeriph_Driver/src/stm32f4xx_rcc.o
 .ARM.attributes
                0x0000018e       0x34 ./StdPeriph_Driver/src/stm32f4xx_rtc.o
 .ARM.attributes
                0x000001c2       0x34 ./StdPeriph_Driver/src/stm32f4xx_syscfg.o
 .ARM.attributes
                0x000001f6       0x34 ./src/core_list_join.o
 .ARM.attributes
                0x0000022a       0x34 ./src/core_main.o
 .ARM.attributes
                0x0000025e       0x34 ./src/core_matrix.o
 .ARM.attributes
                0x00000292       0x34 ./src/core_portme.o
 .ARM.attributes
                0x000002c6       0x34 ./src/core_state.o
 .ARM.attributes
                0x000002fa       0x34 ./src/core_util.o
 .ARM.attributes
                0x0000032e       0x34 ./src/main.o
 .ARM.attributes
                0x00000362       0x34 ./src/pwr_modes.o
 .ARM.attributes
                0x00000396       0x34 ./src/stm32f4xx_it.o
 .ARM.attributes
                0x000003ca       0x21 ./startup/startup_stm32f446xx.o
 .ARM.attributes
                0x000003eb       0x34 C:/ST/STM32CubeIDE_1.16.1/STM32CubeIDE/plugins/com.st.stm32cube.ide.mcu.externaltools.gnu-tools-for-stm32.12.3.rel1.win32_1.0.200.202406191623/tools/bin/../lib/gcc/arm-none-eabi/12.3.1/../../../../arm-none-eabi/lib/thumb/v7e-m+fp/hard\libc_nano.a(libc_a-init.o)
 .ARM.attributes
                0x0000041f       0x22 C:/ST/STM32CubeIDE_1.16.1/STM32CubeIDE/plugins/com.st.stm32cube.ide.mcu.externaltools.gnu-tools-for-stm32.12.3.rel1.win32_1.0.200.202406191623/tools/bin/../lib/gcc/arm-none-eabi/12.3.1/thumb/v7e-m+fp/hard/crtn.o
OUTPUT(017_Current_Measurement_Run_Mode.elf elf32-littlearm)
LOAD linker stubs
LOAD C:/ST/STM32CubeIDE_1.16.1/STM32CubeIDE/plugins/com.st.stm32cube.ide.mcu.externaltools.gnu-tools-for-stm32.12.3.rel1.win32_1.0.200.202406191623/tools/bin/../lib/gcc/arm-none-eabi/12.3.1/../../../../arm-none-eabi/lib/thumb/v7e-m+fp/hard\libc.a
LOAD C:/ST/STM32CubeIDE_1.16.1/STM32CubeIDE/plugins/com.st.stm32cube.ide.mcu.externaltools.gnu-tools-for-stm32.12.3.rel1.win32_1.0.200.202406191623/tools/bin/../lib/gcc/arm-none-eabi/12.3.1/../../../../arm-none-eabi/lib/thumb/v7e-m+fp/hard\libm.a
LOAD C:/ST/STM32CubeIDE_1.16.1/STM32CubeIDE/plugins/com.st.stm32cube.ide.mcu.externaltools.gnu-tools-for-stm32.12.3.rel1.win32_1.0.200.202406191623/tools/bin/../lib/gcc/arm-none-eabi/12.3.1/thumb/v7e-m+fp/hard\libgcc.a

.debug_info     0x00000000     0x75cd
 .debug_info    0x00000000      0x4fa ./StdPeriph_Driver/src/misc.o
 .debug_info    0x000004fa      0x31f ./StdPeriph_Driver/src/stm32f4xx_exti.o
 .debug_info    0x00000819      0x8f7 ./StdPeriph_Driver/src/stm32f4xx_flash.o
 .debug_info    0x00001110      0x60c ./StdPeriph_Driver/src/stm32f4xx_gpio.o
 .debug_info    0x0000171c      0x61e ./StdPeriph_Driver/src/stm32f4xx_pwr.o
 .debug_info    0x00001d3a      0xf06 ./StdPeriph_Driver/src/stm32f4xx_rcc.o
 .debug_info    0x00002c40     0x108c ./StdPeriph_Driver/src/stm32f4xx_rtc.o
 .debug_info    0x00003ccc      0x288 ./StdPeriph_Driver/src/stm32f4xx_syscfg.o
 .debug_info    0x00003f54      0x8df ./src/core_list_join.o
 .debug_info    0x00004833      0x5ec ./src/core_main.o
 .debug_info    0x00004e1f      0x58e ./src/core_matrix.o
 .debug_info    0x000053ad      0x861 ./src/core_portme.o
 .debug_info    0x00005c0e      0x36b ./src/core_state.o
 .debug_info    0x00005f79      0x223 ./src/core_util.o
 .debug_info    0x0000619c      0x8e1 ./src/main.o
 .debug_info    0x00006a7d      0x92e ./src/pwr_modes.o
 .debug_info    0x000073ab      0x1f2 ./src/stm32f4xx_it.o
 .debug_info    0x0000759d       0x30 ./startup/startup_stm32f446xx.o

.debug_abbrev   0x00000000     0x1d03
 .debug_abbrev  0x00000000      0x17f ./StdPeriph_Driver/src/misc.o
 .debug_abbrev  0x0000017f      0x1d3 ./StdPeriph_Driver/src/stm32f4xx_exti.o
 .debug_abbrev  0x00000352      0x1ae ./StdPeriph_Driver/src/stm32f4xx_flash.o
 .debug_abbrev  0x00000500      0x1ee ./StdPeriph_Driver/src/stm32f4xx_gpio.o
 .debug_abbrev  0x000006ee      0x1c1 ./StdPeriph_Driver/src/stm32f4xx_pwr.o
 .debug_abbrev  0x000008af      0x1e1 ./StdPeriph_Driver/src/stm32f4xx_rcc.o
 .debug_abbrev  0x00000a90      0x1f7 ./StdPeriph_Driver/src/stm32f4xx_rtc.o
 .debug_abbrev  0x00000c87      0x163 ./StdPeriph_Driver/src/stm32f4xx_syscfg.o
 .debug_abbrev  0x00000dea      0x1f8 ./src/core_list_join.o
 .debug_abbrev  0x00000fe2      0x1a3 ./src/core_main.o
 .debug_abbrev  0x00001185      0x176 ./src/core_matrix.o
 .debug_abbrev  0x000012fb      0x18e ./src/core_portme.o
 .debug_abbrev  0x00001489      0x14b ./src/core_state.o
 .debug_abbrev  0x000015d4       0xf7 ./src/core_util.o
 .debug_abbrev  0x000016cb      0x2aa ./src/main.o
 .debug_abbrev  0x00001975      0x24c ./src/pwr_modes.o
 .debug_abbrev  0x00001bc1      0x11e ./src/stm32f4xx_it.o
 .debug_abbrev  0x00001cdf       0x24 ./startup/startup_stm32f446xx.o

.debug_aranges  0x00000000      0xab8
 .debug_aranges
                0x00000000       0x40 ./StdPeriph_Driver/src/misc.o
 .debug_aranges
                0x00000040       0x58 ./StdPeriph_Driver/src/stm32f4xx_exti.o
 .debug_aranges
                0x00000098      0x158 ./StdPeriph_Driver/src/stm32f4xx_flash.o
 .debug_aranges
                0x000001f0       0x88 ./StdPeriph_Driver/src/stm32f4xx_gpio.o
 .debug_aranges
                0x00000278       0xa8 ./StdPeriph_Driver/src/stm32f4xx_pwr.o
 .debug_aranges
                0x00000320      0x1e8 ./StdPeriph_Driver/src/stm32f4xx_rcc.o
 .debug_aranges
                0x00000508      0x1e0 ./StdPeriph_Driver/src/stm32f4xx_rtc.o
 .debug_aranges
                0x000006e8       0x50 ./StdPeriph_Driver/src/stm32f4xx_syscfg.o
 .debug_aranges
                0x00000738       0x78 ./src/core_list_join.o
 .debug_aranges
                0x000007b0       0x28 ./src/core_main.o
 .debug_aranges
                0x000007d8       0x60 ./src/core_matrix.o
 .debug_aranges
                0x00000838       0x50 ./src/core_portme.o
 .debug_aranges
                0x00000888       0x38 ./src/core_state.o
 .debug_aranges
                0x000008c0       0x40 ./src/core_util.o
 .debug_aranges
                0x00000900       0x68 ./src/main.o
 .debug_aranges
                0x00000968       0xb8 ./src/pwr_modes.o
 .debug_aranges
                0x00000a20       0x70 ./src/stm32f4xx_it.o
 .debug_aranges
                0x00000a90       0x28 ./startup/startup_stm32f446xx.o

.debug_rnglists
                0x00000000      0x7e2
 .debug_rnglists
                0x00000000       0x2c ./StdPeriph_Driver/src/misc.o
 .debug_rnglists
                0x0000002c       0x3e ./StdPeriph_Driver/src/stm32f4xx_exti.o
 .debug_rnglists
                0x0000006a      0x101 ./StdPeriph_Driver/src/stm32f4xx_flash.o
 .debug_rnglists
                0x0000016b       0x64 ./StdPeriph_Driver/src/stm32f4xx_gpio.o
 .debug_rnglists
                0x000001cf       0x79 ./StdPeriph_Driver/src/stm32f4xx_pwr.o
 .debug_rnglists
                0x00000248      0x16a ./StdPeriph_Driver/src/stm32f4xx_rcc.o
 .debug_rnglists
                0x000003b2      0x16f ./StdPeriph_Driver/src/stm32f4xx_rtc.o
 .debug_rnglists
                0x00000521       0x38 ./StdPeriph_Driver/src/stm32f4xx_syscfg.o
 .debug_rnglists
                0x00000559       0x59 ./src/core_list_join.o
 .debug_rnglists
                0x000005b2       0x1b ./src/core_main.o
 .debug_rnglists
                0x000005cd       0x49 ./src/core_matrix.o
 .debug_rnglists
                0x00000616       0x37 ./src/core_portme.o
 .debug_rnglists
                0x0000064d       0x28 ./src/core_state.o
 .debug_rnglists
                0x00000675       0x2c ./src/core_util.o
 .debug_rnglists
                0x000006a1       0x4b ./src/main.o
 .debug_rnglists
                0x000006ec       0x8e ./src/pwr_modes.o
 .debug_rnglists
                0x0000077a       0x4f ./src/stm32f4xx_it.o
 .debug_rnglists
                0x000007c9       0x19 ./startup/startup_stm32f446xx.o

.debug_macro    0x00000000    0x14ca5
 .debug_macro   0x00000000      0x1fe ./StdPeriph_Driver/src/misc.o
 .debug_macro   0x000001fe      0xacc ./StdPeriph_Driver/src/misc.o
 .debug_macro   0x00000cca       0x65 ./StdPeriph_Driver/src/misc.o
 .debug_macro   0x00000d2f       0x3b ./StdPeriph_Driver/src/misc.o
 .debug_macro   0x00000d6a       0x22 ./StdPeriph_Driver/src/misc.o
 .debug_macro   0x00000d8c       0x8e ./StdPeriph_Driver/src/misc.o
 .debug_macro   0x00000e1a       0x51 ./StdPeriph_Driver/src/misc.o
 .debug_macro   0x00000e6b      0x103 ./StdPeriph_Driver/src/misc.o
 .debug_macro   0x00000f6e       0x6a ./StdPeriph_Driver/src/misc.o
 .debug_macro   0x00000fd8      0x1df ./StdPeriph_Driver/src/misc.o
 .debug_macro   0x000011b7       0x34 ./StdPeriph_Driver/src/misc.o
 .debug_macro   0x000011eb       0x26 ./StdPeriph_Driver/src/misc.o
 .debug_macro   0x00001211      0xe43 ./StdPeriph_Driver/src/misc.o
 .debug_macro   0x00002054     0x9f98 ./StdPeriph_Driver/src/misc.o
 .debug_macro   0x0000bfec      0x448 ./StdPeriph_Driver/src/misc.o
 .debug_macro   0x0000c434       0xb2 ./StdPeriph_Driver/src/misc.o
 .debug_macro   0x0000c4e6      0x477 ./StdPeriph_Driver/src/misc.o
 .debug_macro   0x0000c95d       0xb5 ./StdPeriph_Driver/src/misc.o
 .debug_macro   0x0000ca12      0x41c ./StdPeriph_Driver/src/misc.o
 .debug_macro   0x0000ce2e      0x341 ./StdPeriph_Driver/src/misc.o
 .debug_macro   0x0000d16f      0x2ba ./StdPeriph_Driver/src/misc.o
 .debug_macro   0x0000d429       0x64 ./StdPeriph_Driver/src/misc.o
 .debug_macro   0x0000d48d      0x100 ./StdPeriph_Driver/src/misc.o
 .debug_macro   0x0000d58d      0x76d ./StdPeriph_Driver/src/misc.o
 .debug_macro   0x0000dcfa      0x59e ./StdPeriph_Driver/src/misc.o
 .debug_macro   0x0000e298      0x342 ./StdPeriph_Driver/src/misc.o
 .debug_macro   0x0000e5da      0x36c ./StdPeriph_Driver/src/misc.o
 .debug_macro   0x0000e946      0x114 ./StdPeriph_Driver/src/misc.o
 .debug_macro   0x0000ea5a      0x73b ./StdPeriph_Driver/src/misc.o
 .debug_macro   0x0000f195      0x223 ./StdPeriph_Driver/src/misc.o
 .debug_macro   0x0000f3b8       0x34 ./StdPeriph_Driver/src/misc.o
 .debug_macro   0x0000f3ec      0x144 ./StdPeriph_Driver/src/misc.o
 .debug_macro   0x0000f530       0xc3 ./StdPeriph_Driver/src/misc.o
 .debug_macro   0x0000f5f3      0x3cf ./StdPeriph_Driver/src/misc.o
 .debug_macro   0x0000f9c2      0x188 ./StdPeriph_Driver/src/misc.o
 .debug_macro   0x0000fb4a      0x149 ./StdPeriph_Driver/src/misc.o
 .debug_macro   0x0000fc93      0x21e ./StdPeriph_Driver/src/misc.o
 .debug_macro   0x0000feb1      0x23a ./StdPeriph_Driver/src/misc.o
 .debug_macro   0x000100eb      0x359 ./StdPeriph_Driver/src/misc.o
 .debug_macro   0x00010444      0x287 ./StdPeriph_Driver/src/misc.o
 .debug_macro   0x000106cb      0x29a ./StdPeriph_Driver/src/misc.o
 .debug_macro   0x00010965      0x142 ./StdPeriph_Driver/src/misc.o
 .debug_macro   0x00010aa7      0x191 ./StdPeriph_Driver/src/misc.o
 .debug_macro   0x00010c38       0x35 ./StdPeriph_Driver/src/misc.o
 .debug_macro   0x00010c6d       0x7c ./StdPeriph_Driver/src/misc.o
 .debug_macro   0x00010ce9      0x1fe ./StdPeriph_Driver/src/stm32f4xx_exti.o
 .debug_macro   0x00010ee7       0xaf ./StdPeriph_Driver/src/stm32f4xx_exti.o
 .debug_macro   0x00010f96      0x1fe ./StdPeriph_Driver/src/stm32f4xx_flash.o
 .debug_macro   0x00011194      0x416 ./StdPeriph_Driver/src/stm32f4xx_flash.o
 .debug_macro   0x000115aa      0x1fc ./StdPeriph_Driver/src/stm32f4xx_gpio.o
 .debug_macro   0x000117a6      0x33b ./StdPeriph_Driver/src/stm32f4xx_gpio.o
 .debug_macro   0x00011ae1      0x2a7 ./StdPeriph_Driver/src/stm32f4xx_pwr.o
 .debug_macro   0x00011d88       0xfa ./StdPeriph_Driver/src/stm32f4xx_pwr.o
 .debug_macro   0x00011e82      0x2cb ./StdPeriph_Driver/src/stm32f4xx_rcc.o
 .debug_macro   0x0001214d      0x238 ./StdPeriph_Driver/src/stm32f4xx_rtc.o
 .debug_macro   0x00012385      0x598 ./StdPeriph_Driver/src/stm32f4xx_rtc.o
 .debug_macro   0x0001291d      0x24a ./StdPeriph_Driver/src/stm32f4xx_syscfg.o
 .debug_macro   0x00012b67      0x10e ./StdPeriph_Driver/src/stm32f4xx_syscfg.o
 .debug_macro   0x00012c75      0x126 ./src/core_list_join.o
 .debug_macro   0x00012d9b       0x34 ./src/core_list_join.o
 .debug_macro   0x00012dcf       0x8f ./src/core_list_join.o
 .debug_macro   0x00012e5e       0x5b ./src/core_list_join.o
 .debug_macro   0x00012eb9       0x2a ./src/core_list_join.o
 .debug_macro   0x00012ee3       0x94 ./src/core_list_join.o
 .debug_macro   0x00012f77       0x43 ./src/core_list_join.o
 .debug_macro   0x00012fba       0x34 ./src/core_list_join.o
 .debug_macro   0x00012fee       0x16 ./src/core_list_join.o
 .debug_macro   0x00013004       0x57 ./src/core_list_join.o
 .debug_macro   0x0001305b       0x9e ./src/core_list_join.o
 .debug_macro   0x000130f9      0x369 ./src/core_list_join.o
 .debug_macro   0x00013462      0x10b ./src/core_list_join.o
 .debug_macro   0x0001356d       0x10 ./src/core_list_join.o
 .debug_macro   0x0001357d       0x16 ./src/core_list_join.o
 .debug_macro   0x00013593       0x43 ./src/core_list_join.o
 .debug_macro   0x000135d6       0x34 ./src/core_list_join.o
 .debug_macro   0x0001360a       0x10 ./src/core_list_join.o
 .debug_macro   0x0001361a       0x58 ./src/core_list_join.o
 .debug_macro   0x00013672       0x8e ./src/core_list_join.o
 .debug_macro   0x00013700       0x1c ./src/core_list_join.o
 .debug_macro   0x0001371c      0x177 ./src/core_list_join.o
 .debug_macro   0x00013893       0x16 ./src/core_list_join.o
 .debug_macro   0x000138a9       0x16 ./src/core_list_join.o
 .debug_macro   0x000138bf      0x146 ./src/core_list_join.o
 .debug_macro   0x00013a05       0x34 ./src/core_list_join.o
 .debug_macro   0x00013a39      0x12c ./src/core_main.o
 .debug_macro   0x00013b65      0x13e ./src/core_matrix.o
 .debug_macro   0x00013ca3      0x350 ./src/core_portme.o
 .debug_macro   0x00013ff3       0x16 ./src/core_portme.o
 .debug_macro   0x00014009       0x35 ./src/core_portme.o
 .debug_macro   0x0001403e       0x16 ./src/core_portme.o
 .debug_macro   0x00014054       0x29 ./src/core_portme.o
 .debug_macro   0x0001407d       0x10 ./src/core_portme.o
 .debug_macro   0x0001408d       0x2e ./src/core_portme.o
 .debug_macro   0x000140bb      0x126 ./src/core_state.o
 .debug_macro   0x000141e1      0x126 ./src/core_util.o
 .debug_macro   0x00014307      0x304 ./src/main.o
 .debug_macro   0x0001460b       0x61 ./src/main.o
 .debug_macro   0x0001466c      0x33e ./src/pwr_modes.o
 .debug_macro   0x000149aa      0x2fb ./src/stm32f4xx_it.o

.debug_line     0x00000000     0xcdab
 .debug_line    0x00000000      0x94d ./StdPeriph_Driver/src/misc.o
 .debug_line    0x0000094d      0x9eb ./StdPeriph_Driver/src/stm32f4xx_exti.o
 .debug_line    0x00001338      0xf80 ./StdPeriph_Driver/src/stm32f4xx_flash.o
 .debug_line    0x000022b8      0xb5e ./StdPeriph_Driver/src/stm32f4xx_gpio.o
 .debug_line    0x00002e16      0xaf7 ./StdPeriph_Driver/src/stm32f4xx_pwr.o
 .debug_line    0x0000390d     0x12ba ./StdPeriph_Driver/src/stm32f4xx_rcc.o
 .debug_line    0x00004bc7     0x17ba ./StdPeriph_Driver/src/stm32f4xx_rtc.o
 .debug_line    0x00006381      0x938 ./StdPeriph_Driver/src/stm32f4xx_syscfg.o
 .debug_line    0x00006cb9      0xa81 ./src/core_list_join.o
 .debug_line    0x0000773a      0x960 ./src/core_main.o
 .debug_line    0x0000809a      0xa3a ./src/core_matrix.o
 .debug_line    0x00008ad4      0xb29 ./src/core_portme.o
 .debug_line    0x000095fd      0x88b ./src/core_state.o
 .debug_line    0x00009e88      0x690 ./src/core_util.o
 .debug_line    0x0000a518      0xbae ./src/main.o
 .debug_line    0x0000b0c6     0x1147 ./src/pwr_modes.o
 .debug_line    0x0000c20d      0xb26 ./src/stm32f4xx_it.o
 .debug_line    0x0000cd33       0x78 ./startup/startup_stm32f446xx.o

.debug_str      0x00000000    0x74fea
 .debug_str     0x00000000    0x6cfea ./StdPeriph_Driver/src/misc.o
                              0x6d271 (size before relaxing)
 .debug_str     0x0006cfea      0x1d8 ./StdPeriph_Driver/src/stm32f4xx_exti.o
                              0x6d1e7 (size before relaxing)
 .debug_str     0x0006d1c2      0x4ed ./StdPeriph_Driver/src/stm32f4xx_flash.o
                              0x6d53b (size before relaxing)
 .debug_str     0x0006d6af      0x2c7 ./StdPeriph_Driver/src/stm32f4xx_gpio.o
                              0x6d340 (size before relaxing)
 .debug_str     0x0006d976      0x6de ./StdPeriph_Driver/src/stm32f4xx_pwr.o
                              0x6d767 (size before relaxing)
 .debug_str     0x0006e054      0xe06 ./StdPeriph_Driver/src/stm32f4xx_rcc.o
                              0x6def5 (size before relaxing)
 .debug_str     0x0006ee5a      0xb8a ./StdPeriph_Driver/src/stm32f4xx_rtc.o
                              0x6dc1a (size before relaxing)
 .debug_str     0x0006f9e4      0x40c ./StdPeriph_Driver/src/stm32f4xx_syscfg.o
                              0x6d44e (size before relaxing)
 .debug_str     0x0006fdf0     0x3fcc ./src/core_list_join.o
                               0x7296 (size before relaxing)
 .debug_str     0x00073dbc      0x187 ./src/core_main.o
                               0x722f (size before relaxing)
 .debug_str     0x00073f43      0x158 ./src/core_matrix.o
                               0x7139 (size before relaxing)
 .debug_str     0x0007409b      0x446 ./src/core_portme.o
                              0x713cd (size before relaxing)
 .debug_str     0x000744e1      0x11e ./src/core_state.o
                               0x70f5 (size before relaxing)
 .debug_str     0x000745ff       0x26 ./src/core_util.o
                               0x702c (size before relaxing)
 .debug_str     0x00074625      0x682 ./src/main.o
                              0x71978 (size before relaxing)
 .debug_str     0x00074ca7      0x225 ./src/pwr_modes.o
                              0x71822 (size before relaxing)
 .debug_str     0x00074ecc       0xe1 ./src/stm32f4xx_it.o
                              0x70ecd (size before relaxing)
 .debug_str     0x00074fad       0x3d ./startup/startup_stm32f446xx.o
                                 0x9c (size before relaxing)

.comment        0x00000000       0x43
 .comment       0x00000000       0x43 ./StdPeriph_Driver/src/misc.o
                                 0x44 (size before relaxing)
 .comment       0x00000043       0x44 ./StdPeriph_Driver/src/stm32f4xx_exti.o
 .comment       0x00000043       0x44 ./StdPeriph_Driver/src/stm32f4xx_flash.o
 .comment       0x00000043       0x44 ./StdPeriph_Driver/src/stm32f4xx_gpio.o
 .comment       0x00000043       0x44 ./StdPeriph_Driver/src/stm32f4xx_pwr.o
 .comment       0x00000043       0x44 ./StdPeriph_Driver/src/stm32f4xx_rcc.o
 .comment       0x00000043       0x44 ./StdPeriph_Driver/src/stm32f4xx_rtc.o
 .comment       0x00000043       0x44 ./StdPeriph_Driver/src/stm32f4xx_syscfg.o
 .comment       0x00000043       0x44 ./src/core_list_join.o
 .comment       0x00000043       0x44 ./src/core_main.o
 .comment       0x00000043       0x44 ./src/core_matrix.o
 .comment       0x00000043       0x44 ./src/core_portme.o
 .comment       0x00000043       0x44 ./src/core_state.o
 .comment       0x00000043       0x44 ./src/core_util.o
 .comment       0x00000043       0x44 ./src/main.o
 .comment       0x00000043       0x44 ./src/pwr_modes.o
 .comment       0x00000043       0x44 ./src/stm32f4xx_it.o

.debug_frame    0x00000000     0x2af0
 .debug_frame   0x00000000       0xd8 ./StdPeriph_Driver/src/misc.o
 .debug_frame   0x000000d8      0x148 ./StdPeriph_Driver/src/stm32f4xx_exti.o
 .debug_frame   0x00000220      0x5b0 ./StdPeriph_Driver/src/stm32f4xx_flash.o
 .debug_frame   0x000007d0      0x23c ./StdPeriph_Driver/src/stm32f4xx_gpio.o
 .debug_frame   0x00000a0c      0x2cc ./StdPeriph_Driver/src/stm32f4xx_pwr.o
 .debug_frame   0x00000cd8      0x904 ./StdPeriph_Driver/src/stm32f4xx_rcc.o
 .debug_frame   0x000015dc      0x8b0 ./StdPeriph_Driver/src/stm32f4xx_rtc.o
 .debug_frame   0x00001e8c      0x11c ./StdPeriph_Driver/src/stm32f4xx_syscfg.o
 .debug_frame   0x00001fa8      0x1e0 ./src/core_list_join.o
 .debug_frame   0x00002188       0x60 ./src/core_main.o
 .debug_frame   0x000021e8      0x170 ./src/core_matrix.o
 .debug_frame   0x00002358      0x110 ./src/core_portme.o
 .debug_frame   0x00002468       0xa8 ./src/core_state.o
 .debug_frame   0x00002510       0xcc ./src/core_util.o
 .debug_frame   0x000025dc      0x158 ./src/main.o
 .debug_frame   0x00002734      0x248 ./src/pwr_modes.o
 .debug_frame   0x0000297c      0x148 ./src/stm32f4xx_it.o
 .debug_frame   0x00002ac4       0x2c C:/ST/STM32CubeIDE_1.16.1/STM32CubeIDE/plugins/com.st.stm32cube.ide.mcu.externaltools.gnu-tools-for-stm32.12.3.rel1.win32_1.0.200.202406191623/tools/bin/../lib/gcc/arm-none-eabi/12.3.1/../../../../arm-none-eabi/lib/thumb/v7e-m+fp/hard\libc_nano.a(libc_a-init.o)

.debug_line_str
                0x00000000       0x80
 .debug_line_str
                0x00000000       0x80 ./startup/startup_stm32f446xx.o
