../Core/Src/main.c:75:5:main	8	static
../Core/Src/main.c:121:6:SystemClock_Config	88	static
../Core/Src/main.c:168:13:MX_RTC_Init	72	static
../Core/Src/main.c:250:13:MX_USART1_UART_Init	8	static
../Core/Src/main.c:283:13:MX_GPIO_Init	40	static
../Core/Src/main.c:304:6:RTC_Init	8	static
../Core/Src/main.c:320:6:RTC_CalendarConfig	32	static
../Core/Src/main.c:342:7:getDayofweek	56	static
../Core/Src/main.c:349:6:HAL_GPIO_EXTI_Callback	64	static
../Core/Src/main.c:368:7:RTC_AlarmConfig	48	static
../Core/Src/main.c:396:6:HAL_RTC_AlarmAEventCallback	40	static
../Core/Src/main.c:422:6:Error_Handler	4	static,ignoring_inline_asm
