../Core/Src/main.c:68:5:main	8	static
../Core/Src/main.c:123:6:SystemClock_Config	88	static
../Core/Src/main.c:169:13:MX_CAN1_Init	8	static
../Core/Src/main.c:206:13:MX_GPIO_Init	16	static
../Core/Src/main.c:220:6:Can_filterConfig	48	static
../Core/Src/main.c:238:6:Can_Rx	40	static
../Core/Src/main.c:247:6:Can_Tx	48	static
../Core/Src/main.c:265:6:HAL_CAN_TxMailbox0CompleteCallback	16	static
../Core/Src/main.c:269:6:HAL_CAN_TxMailbox1CompleteCallback	16	static
../Core/Src/main.c:273:6:HAL_CAN_TxMailbox2CompleteCallback	16	static
../Core/Src/main.c:277:6:HAL_CAN_RxFifo0MsgPendingCallback	16	static
../Core/Src/main.c:281:6:HAL_CAN_ErrorCallback	16	static
../Core/Src/main.c:291:6:Error_Handler	4	static,ignoring_inline_asm
