../Core/Src/main.c:71:5:main	8	static
../Core/Src/main.c:127:6:SystemClock_Config	88	static
../Core/Src/main.c:173:13:MX_CAN1_Init	8	static
../Core/Src/main.c:210:13:MX_I2S3_Init	8	static
../Core/Src/main.c:244:13:MX_GPIO_Init	56	static
../Core/Src/main.c:366:6:Can_filterConfig	48	static
../Core/Src/main.c:384:6:Can_Rx	40	static
../Core/Src/main.c:393:6:Can_Tx	48	static
../Core/Src/main.c:411:6:HAL_CAN_TxMailbox0CompleteCallback	16	static
../Core/Src/main.c:415:6:HAL_CAN_TxMailbox1CompleteCallback	16	static
../Core/Src/main.c:419:6:HAL_CAN_TxMailbox2CompleteCallback	16	static
../Core/Src/main.c:423:6:HAL_CAN_RxFifo0MsgPendingCallback	16	static
../Core/Src/main.c:427:6:HAL_CAN_ErrorCallback	16	static
../Core/Src/main.c:437:6:Error_Handler	4	static,ignoring_inline_asm
