19:35:35 **** Incremental Build of configuration Debug for project 004_HSICal_a_PLL ****
make -j12 all 
arm-none-eabi-gcc "../Core/Src/main.c" -mcpu=cortex-m4 -std=gnu11 -g3 -DDEBUG -DUSE_HAL_DRIVER -DSTM32F407xx -c -I../Core/Inc -I../Drivers/STM32F4xx_HAL_Driver/Inc -I../Drivers/STM32F4xx_HAL_Driver/Inc/Legacy -I../Drivers/CMSIS/Device/ST/STM32F4xx/Include -I../Drivers/CMSIS/Include -O0 -ffunction-sections -fdata-sections -Wall -fstack-usage -fcyclomatic-complexity -MMD -MP -MF"Core/Src/main.d" -MT"Core/Src/main.o" --specs=nano.specs -mfpu=fpv4-sp-d16 -mfloat-abi=hard -mthumb -o "Core/Src/main.o"
arm-none-eabi-gcc -o "004_HSICal_a_PLL.elf" @"objects.list"   -mcpu=cortex-m4 -T"E:\Microcontroller\Stm32\stm32f40x\MCU2_HALlib\STM32CubeIDE\004_Clock_a_PLL\STM32F407VGTX_FLASH.ld" --specs=nosys.specs -Wl,-Map="004_HSICal_a_PLL.map" -Wl,--gc-sections -static --specs=nano.specs -mfpu=fpv4-sp-d16 -mfloat-abi=hard -mthumb -Wl,--start-group -lc -lm -Wl,--end-group
Finished building target: 004_HSICal_a_PLL.elf
 
arm-none-eabi-size  004_HSICal_a_PLL.elf 
arm-none-eabi-objdump -h -S 004_HSICal_a_PLL.elf  > "004_HSICal_a_PLL.list"
   text	   data	    bss	    dec	    hex	filename
  10064	     12	   1644	  11720	   2dc8	004_HSICal_a_PLL.elf
Finished building: default.size.stdout
 
Finished building: 004_HSICal_a_PLL.list
 

19:35:36 Build Finished. 0 errors, 0 warnings. (took 598ms)

