10:48:22 **** Build of configuration Debug for project 005_timer_IT_100ms2 ****
make -j12 all 
arm-none-eabi-gcc "../Core/Src/main.c" -mcpu=cortex-m4 -std=gnu11 -g3 -DDEBUG -DUSE_HAL_DRIVER -DSTM32F407xx -c -I../Core/Inc -I../Drivers/STM32F4xx_HAL_Driver/Inc -I../Drivers/STM32F4xx_HAL_Driver/Inc/Legacy -I../Drivers/CMSIS/Device/ST/STM32F4xx/Include -I../Drivers/CMSIS/Include -O0 -ffunction-sections -fdata-sections -Wall -fstack-usage -fcyclomatic-complexity -MMD -MP -MF"Core/Src/main.d" -MT"Core/Src/main.o" --specs=nano.specs -mfpu=fpv4-sp-d16 -mfloat-abi=hard -mthumb -o "Core/Src/main.o"
arm-none-eabi-gcc -o "005_timer_IT_100ms2.elf" @"objects.list"   -mcpu=cortex-m4 -T"E:\Microcontroller\Stm32\stm32f40x\MCU2_HALlib\STM32CubeIDE\005_timer_IT_100ms2\STM32F407VGTX_FLASH.ld" --specs=nosys.specs -Wl,-Map="005_timer_IT_100ms2.map" -Wl,--gc-sections -static --specs=nano.specs -mfpu=fpv4-sp-d16 -mfloat-abi=hard -mthumb -Wl,--start-group -lc -lm -Wl,--end-group
Finished building target: 005_timer_IT_100ms2.elf
 
arm-none-eabi-size  005_timer_IT_100ms2.elf 
arm-none-eabi-objdump -h -S 005_timer_IT_100ms2.elf  > "005_timer_IT_100ms2.list"
   text	   data	    bss	    dec	    hex	filename
   2460	     12	   1644	   4116	   1014	005_timer_IT_100ms2.elf
Finished building: default.size.stdout
 
Finished building: 005_timer_IT_100ms2.list
 

10:48:23 Build Finished. 0 errors, 0 warnings. (took 1s.382ms)

