12:27:20 **** Incremental Build of configuration Debug for project 006_timer_base_IT_100ms ****
make -j12 all 
arm-none-eabi-gcc "../Core/Src/main.c" -mcpu=cortex-m4 -std=gnu11 -g3 -DDEBUG -DUSE_HAL_DRIVER -DSTM32F407xx -c -I../Core/Inc -I../Drivers/STM32F4xx_HAL_Driver/Inc -I../Drivers/STM32F4xx_HAL_Driver/Inc/Legacy -I../Drivers/CMSIS/Device/ST/STM32F4xx/Include -I../Drivers/CMSIS/Include -O0 -ffunction-sections -fdata-sections -Wall -fstack-usage -fcyclomatic-complexity -MMD -MP -MF"Core/Src/main.d" -MT"Core/Src/main.o" --specs=nano.specs -mfpu=fpv4-sp-d16 -mfloat-abi=hard -mthumb -o "Core/Src/main.o"
arm-none-eabi-gcc -o "006_timer_base_IT_100ms.elf" @"objects.list"   -mcpu=cortex-m4 -T"D:\Microcontroller\STM32F40x\STM32F4_HALlib\STM32CubeIDE\006_timer_base_IT_100ms\STM32F407VGTX_FLASH.ld" --specs=nosys.specs -Wl,-Map="006_timer_base_IT_100ms.map" -Wl,--gc-sections -static --specs=nano.specs -mfpu=fpv4-sp-d16 -mfloat-abi=hard -mthumb -Wl,--start-group -lc -lm -Wl,--end-group
Finished building target: 006_timer_base_IT_100ms.elf
 
arm-none-eabi-size  006_timer_base_IT_100ms.elf 
arm-none-eabi-objdump -h -S 006_timer_base_IT_100ms.elf  > "006_timer_base_IT_100ms.list"
   text	   data	    bss	    dec	    hex	filename
   7820	     16	   1640	   9476	   2504	006_timer_base_IT_100ms.elf
Finished building: default.size.stdout
 
Finished building: 006_timer_base_IT_100ms.list
 

12:27:21 Build Finished. 0 errors, 0 warnings. (took 646ms)

