21:52:22 **** Incremental Build of configuration Debug for project 014_LowPowerMode_SLEEPONEXIT ****
make -j12 all 
arm-none-eabi-gcc "../Core/Src/main.c" -mcpu=cortex-m4 -std=gnu11 -g3 -DDEBUG -DUSE_HAL_DRIVER -DSTM32F407xx -c -I../Core/Inc -I../Drivers/STM32F4xx_HAL_Driver/Inc -I../Drivers/STM32F4xx_HAL_Driver/Inc/Legacy -I../Drivers/CMSIS/Device/ST/STM32F4xx/Include -I../Drivers/CMSIS/Include -O0 -ffunction-sections -fdata-sections -Wall -fstack-usage -fcyclomatic-complexity -MMD -MP -MF"Core/Src/main.d" -MT"Core/Src/main.o" --specs=nano.specs -mfpu=fpv4-sp-d16 -mfloat-abi=hard -mthumb -o "Core/Src/main.o"
arm-none-eabi-gcc -o "014_LowPowerMode_SLEEPONEXIT.elf" @"objects.list"   -mcpu=cortex-m4 -T"E:\Microcontroller\Stm32\stm32f40x\MCU2_HALlib\STM32CubeIDE\014_LowPowerMode\STM32F407VGTX_FLASH.ld" --specs=nosys.specs -Wl,-Map="014_LowPowerMode_SLEEPONEXIT.map" -Wl,--gc-sections -static --specs=nano.specs -mfpu=fpv4-sp-d16 -mfloat-abi=hard -mthumb -Wl,--start-group -lc -lm -Wl,--end-group
Finished building target: 014_LowPowerMode_SLEEPONEXIT.elf
 
arm-none-eabi-size  014_LowPowerMode_SLEEPONEXIT.elf 
arm-none-eabi-objdump -h -S 014_LowPowerMode_SLEEPONEXIT.elf  > "014_LowPowerMode_SLEEPONEXIT.list"
   text	   data	    bss	    dec	    hex	filename
  12740	     28	   1716	  14484	   3894	014_LowPowerMode_SLEEPONEXIT.elf
Finished building: default.size.stdout
 
Finished building: 014_LowPowerMode_SLEEPONEXIT.list
 

21:52:24 Build Finished. 0 errors, 0 warnings. (took 2s.238ms)

