11:39:02 **** Incremental Build of configuration Debug for project 015_WFI ****
make -j12 all 
arm-none-eabi-gcc "../Core/Src/main.c" -mcpu=cortex-m4 -std=gnu11 -g3 -DDEBUG -DUSE_HAL_DRIVER -DSTM32F407xx -c -I../Core/Inc -I../Drivers/STM32F4xx_HAL_Driver/Inc -I../Drivers/STM32F4xx_HAL_Driver/Inc/Legacy -I../Drivers/CMSIS/Device/ST/STM32F4xx/Include -I../Drivers/CMSIS/Include -O0 -ffunction-sections -fdata-sections -Wall -fstack-usage -fcyclomatic-complexity -MMD -MP -MF"Core/Src/main.d" -MT"Core/Src/main.o" --specs=nano.specs -mfpu=fpv4-sp-d16 -mfloat-abi=hard -mthumb -o "Core/Src/main.o"
arm-none-eabi-gcc -o "015_WFI.elf" @"objects.list"   -mcpu=cortex-m4 -T"E:\Microcontroller\Stm32\stm32f40x\MCU2_HALlib\STM32CubeIDE\015_WFI\STM32F407VGTX_FLASH.ld" --specs=nosys.specs -Wl,-Map="015_WFI.map" -Wl,--gc-sections -static --specs=nano.specs -mfpu=fpv4-sp-d16 -mfloat-abi=hard -mthumb -Wl,--start-group -lc -lm -Wl,--end-group
Finished building target: 015_WFI.elf
 
arm-none-eabi-size  015_WFI.elf 
arm-none-eabi-objdump -h -S 015_WFI.elf  > "015_WFI.list"
   text	   data	    bss	    dec	    hex	filename
  10308	     12	   1644	  11964	   2ebc	015_WFI.elf
Finished building: default.size.stdout
 
Finished building: 015_WFI.list
 

11:39:03 Build Finished. 0 errors, 0 warnings. (took 1s.60ms)

